[    0.000000] Linux version 4.15.0-212-generic (buildd@lcy02-amd64-083) (gcc version 7.5.0 (Ubuntu 7.5.0-3ubuntu1~18.04)) #223-Ubuntu SMP Tue May 23 13:09:22 UTC 2023 (Ubuntu 4.15.0-212.223-generic 4.15.18)
[    0.000000] Command line: BOOT_IMAGE=/boot/vmlinuz-4.15.0-212-generic root=LABEL=cloudimg-rootfs ro console=tty1 console=ttyS0
[    0.000000] KERNEL supported cpus:
[    0.000000]   Intel GenuineIntel
[    0.000000]   AMD AuthenticAMD
[    0.000000]   Centaur CentaurHauls
[    0.000000] x86/fpu: x87 FPU will use FXSAVE
[    0.000000] e820: BIOS-provided physical RAM map:
[    0.000000] BIOS-e820: [mem 0x0000000000000000-0x000000000009fbff] usable
[    0.000000] BIOS-e820: [mem 0x000000000009fc00-0x000000000009ffff] reserved
[    0.000000] BIOS-e820: [mem 0x00000000000f0000-0x00000000000fffff] reserved
[    0.000000] BIOS-e820: [mem 0x0000000000100000-0x000000003ffeffff] usable
[    0.000000] BIOS-e820: [mem 0x000000003fff0000-0x000000003fffffff] ACPI data
[    0.000000] BIOS-e820: [mem 0x00000000fec00000-0x00000000fec00fff] reserved
[    0.000000] BIOS-e820: [mem 0x00000000fee00000-0x00000000fee00fff] reserved
[    0.000000] BIOS-e820: [mem 0x00000000fffc0000-0x00000000ffffffff] reserved
[    0.000000] NX (Execute Disable) protection: active
[    0.000000] SMBIOS 2.5 present.
[    0.000000] DMI: innotek GmbH VirtualBox/VirtualBox, BIOS VirtualBox 12/01/2006
[    0.000000] Hypervisor detected: KVM
[    0.000000] e820: last_pfn = 0x3fff0 max_arch_pfn = 0x400000000
[    0.000000] MTRR: Disabled
[    0.000000] x86/PAT: MTRRs disabled, skipping PAT initialization too.
[    0.000000] CPU MTRRs all blank - virtualized system.
[    0.000000] x86/PAT: Configuration [0-7]: WB  WT  UC- UC  WB  WT  UC- UC  
[    0.000000] found SMP MP-table at [mem 0x0009fff0-0x0009ffff]
[    0.000000] Scanning 1 areas for low memory corruption
[    0.000000] RAMDISK: [mem 0x359cb000-0x36cdcfff]
[    0.000000] ACPI: Early table checksum verification disabled
[    0.000000] ACPI: RSDP 0x00000000000E0000 000024 (v02 VBOX  )
[    0.000000] ACPI: XSDT 0x000000003FFF0030 00003C (v01 VBOX   VBOXXSDT 00000001 ASL  00000061)
[    0.000000] ACPI: FACP 0x000000003FFF00F0 0000F4 (v04 VBOX   VBOXFACP 00000001 ASL  00000061)
[    0.000000] ACPI: DSDT 0x000000003FFF0610 002353 (v02 VBOX   VBOXBIOS 00000002 INTL 20100528)
[    0.000000] ACPI: FACS 0x000000003FFF0200 000040
[    0.000000] ACPI: FACS 0x000000003FFF0200 000040
[    0.000000] ACPI: APIC 0x000000003FFF0240 00005C (v02 VBOX   VBOXAPIC 00000001 ASL  00000061)
[    0.000000] ACPI: SSDT 0x000000003FFF02A0 00036C (v01 VBOX   VBOXCPUT 00000002 INTL 20100528)
[    0.000000] ACPI: Reserving FACP table memory at [mem 0x3fff00f0-0x3fff01e3]
[    0.000000] ACPI: Reserving DSDT table memory at [mem 0x3fff0610-0x3fff2962]
[    0.000000] ACPI: Reserving FACS table memory at [mem 0x3fff0200-0x3fff023f]
[    0.000000] ACPI: Reserving FACS table memory at [mem 0x3fff0200-0x3fff023f]
[    0.000000] ACPI: Reserving APIC table memory at [mem 0x3fff0240-0x3fff029b]
[    0.000000] ACPI: Reserving SSDT table memory at [mem 0x3fff02a0-0x3fff060b]
[    0.000000] No NUMA configuration found
[    0.000000] Faking a node at [mem 0x0000000000000000-0x000000003ffeffff]
[    0.000000] NODE_DATA(0) allocated [mem 0x3ffc5000-0x3ffeffff]
[    0.000000] kvm-clock: cpu 0, msr 0:3ff44001, primary cpu clock
[    0.000000] kvm-clock: Using msrs 4b564d01 and 4b564d00
[    0.000000] kvm-clock: using sched offset of 5829363116 cycles
[    0.000000] clocksource: kvm-clock: mask: 0xffffffffffffffff max_cycles: 0x1cd42e4dffb, max_idle_ns: 881590591483 ns
[    0.000000] Zone ranges:
[    0.000000]   DMA      [mem 0x0000000000001000-0x0000000000ffffff]
[    0.000000]   DMA32    [mem 0x0000000001000000-0x000000003ffeffff]
[    0.000000]   Normal   empty
[    0.000000]   Device   empty
[    0.000000] Movable zone start for each node
[    0.000000] Early memory node ranges
[    0.000000]   node   0: [mem 0x0000000000001000-0x000000000009efff]
[    0.000000]   node   0: [mem 0x0000000000100000-0x000000003ffeffff]
[    0.000000] Reserved but unavailable: 104 pages
[    0.000000] Initmem setup node 0 [mem 0x0000000000001000-0x000000003ffeffff]
[    0.000000] ACPI: PM-Timer IO Port: 0x4008
[    0.000000] IOAPIC[0]: apic_id 2, version 32, address 0xfec00000, GSI 0-23
[    0.000000] ACPI: INT_SRC_OVR (bus 0 bus_irq 0 global_irq 2 dfl dfl)
[    0.000000] ACPI: INT_SRC_OVR (bus 0 bus_irq 9 global_irq 9 low level)
[    0.000000] Using ACPI (MADT) for SMP configuration information
[    0.000000] smpboot: Allowing 2 CPUs, 0 hotplug CPUs
[    0.000000] PM: Registered nosave memory: [mem 0x00000000-0x00000fff]
[    0.000000] PM: Registered nosave memory: [mem 0x0009f000-0x0009ffff]
[    0.000000] PM: Registered nosave memory: [mem 0x000a0000-0x000effff]
[    0.000000] PM: Registered nosave memory: [mem 0x000f0000-0x000fffff]
[    0.000000] e820: [mem 0x40000000-0xfebfffff] available for PCI devices
[    0.000000] Booting paravirtualized kernel on KVM
[    0.000000] clocksource: refined-jiffies: mask: 0xffffffff max_cycles: 0xffffffff, max_idle_ns: 7645519600211568 ns
[    0.000000] setup_percpu: NR_CPUS:8192 nr_cpumask_bits:2 nr_cpu_ids:2 nr_node_ids:1
[    0.000000] percpu: Embedded 50 pages/cpu s167936 r8192 d28672 u1048576
[    0.000000] PV qspinlock hash table entries: 256 (order: 0, 4096 bytes)
[    0.000000] Built 1 zonelists, mobility grouping on.  Total pages: 257913
[    0.000000] Policy zone: DMA32
[    0.000000] Kernel command line: BOOT_IMAGE=/boot/vmlinuz-4.15.0-212-generic root=LABEL=cloudimg-rootfs ro console=tty1 console=ttyS0
[    0.000000] Memory: 982644K/1048120K available (12300K kernel code, 2477K rwdata, 4324K rodata, 2480K init, 2720K bss, 65476K reserved, 0K cma-reserved)
[    0.000000] SLUB: HWalign=64, Order=0-3, MinObjects=0, CPUs=2, Nodes=1
[    0.000000] ftrace: allocating 39508 entries in 155 pages
[    0.004000] Hierarchical RCU implementation.
[    0.004000] 	RCU restricting CPUs from NR_CPUS=8192 to nr_cpu_ids=2.
[    0.004000] 	Tasks RCU enabled.
[    0.004000] RCU: Adjusting geometry for rcu_fanout_leaf=16, nr_cpu_ids=2
[    0.004000] NR_IRQS: 524544, nr_irqs: 440, preallocated irqs: 16
[    0.004000] random: crng init done
[    0.004000] Console: colour VGA+ 80x25
[    0.004000] console [tty1] enabled
[    0.004000] console [ttyS0] enabled
[    0.004000] ACPI: Core revision 20170831
[    0.004000] ACPI: 2 ACPI AML tables successfully acquired and loaded
[    0.004000] APIC: Switch to symmetric I/O mode setup
[    0.004000] ..TIMER: vector=0x30 apic1=0 pin1=2 apic2=-1 pin2=-1
[    0.004013] tsc: Detected 2611.184 MHz processor
[    0.008020] Calibrating delay loop (skipped) preset value.. 5222.36 BogoMIPS (lpj=10444736)
[    0.012016] pid_max: default: 32768 minimum: 301
[    0.016221] Security Framework initialized
[    0.020010] Yama: becoming mindful.
[    0.024189] AppArmor: AppArmor initialized
[    0.036381] Dentry cache hash table entries: 131072 (order: 8, 1048576 bytes)
[    0.042753] Inode-cache hash table entries: 65536 (order: 7, 524288 bytes)
[    0.044167] Mount-cache hash table entries: 2048 (order: 2, 16384 bytes)
[    0.048154] Mountpoint-cache hash table entries: 2048 (order: 2, 16384 bytes)
[    0.058558] Last level iTLB entries: 4KB 0, 2MB 0, 4MB 0
[    0.060009] Last level dTLB entries: 4KB 0, 2MB 0, 4MB 0, 1GB 0
[    0.064017] Spectre V1 : Mitigation: usercopy/swapgs barriers and __user pointer sanitization
[    0.068016] Spectre V2 : Mitigation: Enhanced IBRS
[    0.072018] Spectre V2 : Spectre v2 / SpectreRSB mitigation: Filling RSB on context switch
[    0.076011] Spectre V2 : Spectre v2 / PBRSB-eIBRS: Retire a single CALL on VMEXIT
[    0.080011] RETBleed: Mitigation: Enhanced IBRS
[    0.084013] Speculative Store Bypass: Vulnerable
[    0.088412] Freeing SMP alternatives memory: 36K
[    0.213565] APIC calibration not consistent with PM-Timer: 104ms instead of 100ms
[    0.216000] APIC delta adjusted to PM-Timer: 6314689 (6575389)
[    0.217322] smpboot: CPU0: 12th Gen Intel(R) Core(TM) i7-1255U (family: 0x6, model: 0x9a, stepping: 0x4)
[    0.224682] Performance Events: unsupported p6 CPU model 154 no PMU driver, software events only.
[    0.228215] Hierarchical SRCU implementation.
[    0.232811] NMI watchdog: Perf event create on CPU 0 failed with -2
[    0.236117] NMI watchdog: Perf NMI watchdog permanently disabled
[    0.244107] smp: Bringing up secondary CPUs ...
[    0.249390] x86: Booting SMP configuration:
[    0.252008] .... node  #0, CPUs:      #1
[    0.004000] kvm-clock: cpu 1, msr 0:3ff44041, secondary cpu clock
[    0.287541] TSC synchronization [CPU#0 -> CPU#1]:
[    0.288000] Measured 132687 cycles TSC warp between CPUs, turning off TSC clock.
[    0.288000] tsc: Marking TSC unstable due to check_tsc_sync_source failed
[    0.292598] smp: Brought up 1 node, 2 CPUs
[    0.296015] smpboot: Max logical packages: 1
[    0.300010] smpboot: Total of 2 processors activated (10444.73 BogoMIPS)
[    0.309022] devtmpfs: initialized
[    0.312194] x86/mm: Memory block size: 128MB
[    0.317180] evm: security.selinux
[    0.320010] evm: security.SMACK64
[    0.324004] evm: security.SMACK64EXEC
[    0.328008] evm: security.SMACK64TRANSMUTE
[    0.332011] evm: security.SMACK64MMAP
[    0.336008] evm: security.apparmor
[    0.340005] evm: security.ima
[    0.344006] evm: security.capability
[    0.353399] clocksource: jiffies: mask: 0xffffffff max_cycles: 0xffffffff, max_idle_ns: 7645041785100000 ns
[    0.356034] futex hash table entries: 512 (order: 3, 32768 bytes)
[    0.360416] pinctrl core: initialized pinctrl subsystem
[    0.368398] RTC time: 17:51:25, date: 02/08/24
[    0.377931] NET: Registered protocol family 16
[    0.384274] audit: initializing netlink subsys (disabled)
[    0.388377] audit: type=2000 audit(1707414691.342:1): state=initialized audit_enabled=0 res=1
[    0.412020] cpuidle: using governor ladder
[    0.416037] cpuidle: using governor menu
[    0.420198] ACPI: bus type PCI registered
[    0.424028] acpiphp: ACPI Hot Plug PCI Controller Driver version: 0.5
[    0.428900] PCI: Using configuration type 1 for base access
[    0.444714] HugeTLB registered 2.00 MiB page size, pre-allocated 0 pages
[    0.460360] ACPI: Added _OSI(Module Device)
[    0.464016] ACPI: Added _OSI(Processor Device)
[    0.468015] ACPI: Added _OSI(3.0 _SCP Extensions)
[    0.472009] ACPI: Added _OSI(Processor Aggregator Device)
[    0.476020] ACPI: Added _OSI(Linux-Dell-Video)
[    0.480013] ACPI: Added _OSI(Linux-Lenovo-NV-HDMI-Audio)
[    0.484009] ACPI: Added _OSI(Linux-HPI-Hybrid-Graphics)
[    0.489652] ACPI: Executed 1 blocks of module-level executable AML code
[    0.503723] ACPI: Interpreter enabled
[    0.504041] ACPI: (supports S0 S5)
[    0.508010] ACPI: Using IOAPIC for interrupt routing
[    0.516289] PCI: Using host bridge windows from ACPI; if necessary, use "pci=nocrs" and report a bug
[    0.520505] ACPI: Enabled 2 GPEs in block 00 to 07
[    0.552676] ACPI: PCI Root Bridge [PCI0] (domain 0000 [bus 00-ff])
[    0.556034] acpi PNP0A03:00: _OSC: OS supports [ASPM ClockPM Segments MSI]
[    0.566317] acpi PNP0A03:00: _OSC: not requesting OS control; OS requires [ExtendedConfig ASPM ClockPM MSI]
[    0.568047] acpi PNP0A03:00: fail to add MMCONFIG information, can't access extended PCI configuration space under this bridge.
[    0.576416] PCI host bridge to bus 0000:00
[    0.580016] pci_bus 0000:00: root bus resource [io  0x0000-0x0cf7 window]
[    0.584014] pci_bus 0000:00: root bus resource [io  0x0d00-0xffff window]
[    0.588010] pci_bus 0000:00: root bus resource [mem 0x000a0000-0x000bffff window]
[    0.592009] pci_bus 0000:00: root bus resource [mem 0x40000000-0xfdffffff window]
[    0.596019] pci_bus 0000:00: root bus resource [bus 00-ff]
[    0.614553] pci 0000:00:01.1: legacy IDE quirk: reg 0x10: [io  0x01f0-0x01f7]
[    0.616013] pci 0000:00:01.1: legacy IDE quirk: reg 0x14: [io  0x03f6]
[    0.620017] pci 0000:00:01.1: legacy IDE quirk: reg 0x18: [io  0x0170-0x0177]
[    0.624015] pci 0000:00:01.1: legacy IDE quirk: reg 0x1c: [io  0x0376]
[    0.665466] pci 0000:00:07.0: quirk: [io  0x4000-0x403f] claimed by PIIX4 ACPI
[    0.668068] pci 0000:00:07.0: quirk: [io  0x4100-0x410f] claimed by PIIX4 SMB
[    0.690191] ACPI: PCI Interrupt Link [LNKA] (IRQs 5 9 10 *11)
[    0.692950] ACPI: PCI Interrupt Link [LNKB] (IRQs 5 9 *10 11)
[    0.696352] ACPI: PCI Interrupt Link [LNKC] (IRQs 5 *9 10 11)
[    0.700358] ACPI: PCI Interrupt Link [LNKD] (IRQs 5 9 10 *11)
[    0.705478] SCSI subsystem initialized
[    0.712079] pci 0000:00:02.0: vgaarb: setting as boot VGA device
[    0.716000] pci 0000:00:02.0: vgaarb: VGA device added: decodes=io+mem,owns=io+mem,locks=none
[    0.716015] pci 0000:00:02.0: vgaarb: bridge control possible
[    0.720009] vgaarb: loaded
[    0.724164] ACPI: bus type USB registered
[    0.728050] usbcore: registered new interface driver usbfs
[    0.732083] usbcore: registered new interface driver hub
[    0.736048] usbcore: registered new device driver usb
[    0.744369] EDAC MC: Ver: 3.0.0
[    0.752694] PCI: Using ACPI for IRQ routing
[    0.761232] NetLabel: Initializing
[    0.764009] NetLabel:  domain hash size = 128
[    0.768006] NetLabel:  protocols = UNLABELED CIPSOv4 CALIPSO
[    0.772046] NetLabel:  unlabeled traffic allowed by default
[    0.780735] clocksource: Switched to clocksource kvm-clock
[    0.814165] VFS: Disk quotas dquot_6.6.0
[    0.814165] VFS: Dquot-cache hash table entries: 512 (order 0, 4096 bytes)
[    0.890748] AppArmor: AppArmor Filesystem Enabled
[    0.894138] pnp: PnP ACPI init
[    0.894138] pnp: PnP ACPI: found 3 devices
[    1.022704] clocksource: acpi_pm: mask: 0xffffff max_cycles: 0xffffff, max_idle_ns: 2085701024 ns
[    1.024828] NET: Registered protocol family 2
[    1.024828] IP idents hash table entries: 16384 (order: 5, 131072 bytes)
[    1.058899] TCP established hash table entries: 8192 (order: 4, 65536 bytes)
[    1.073028] TCP bind hash table entries: 8192 (order: 5, 131072 bytes)
[    1.090068] TCP: Hash tables configured (established 8192 bind 8192)
[    1.093308] UDP hash table entries: 512 (order: 2, 16384 bytes)
[    1.093308] UDP-Lite hash table entries: 512 (order: 2, 16384 bytes)
[    1.093308] NET: Registered protocol family 1
[    1.093308] pci 0000:00:00.0: Limiting direct PCI/PCI transfers
[    1.093308] pci 0000:00:01.0: Activating ISA DMA hang workarounds
[    1.093308] pci 0000:00:02.0: Video device with shadowed ROM at [mem 0x000c0000-0x000dffff]
[    1.093308] Unpacking initramfs...
[    2.510820] Freeing initrd memory: 19528K
[    2.526740] clocksource: tsc: mask: 0xffffffffffffffff max_cycles: 0x25a38141c1e, max_idle_ns: 440795211848 ns
[    2.561551] platform rtc_cmos: registered platform RTC device (no PNP device found)
[    2.587748] Scanning for low memory corruption every 60 seconds
[    2.615099] Initialise system trusted keyrings
[    2.622642] Key type blacklist registered
[    2.637175] workingset: timestamp_bits=36 max_order=18 bucket_order=0
[    2.674541] zbud: loaded
[    2.689925] squashfs: version 4.0 (2009/01/31) Phillip Lougher
[    2.717346] fuse init (API version 7.26)
[    2.793257] Key type asymmetric registered
[    2.803909] Asymmetric key parser 'x509' registered
[    2.823057] Block layer SCSI generic (bsg) driver version 0.4 loaded (major 246)
[    2.851683] io scheduler noop registered
[    2.863926] io scheduler deadline registered
[    2.872352] io scheduler cfq registered (default)
[    2.884824] ACPI: AC Adapter [AC] (off-line)
[    2.903149] input: Power Button as /devices/LNXSYSTM:00/LNXPWRBN:00/input/input0
[    2.925412] ACPI: Power Button [PWRF]
[    2.936728] input: Sleep Button as /devices/LNXSYSTM:00/LNXSLPBN:00/input/input1
[    2.955065] ACPI: Sleep Button [SLPF]
[    2.971116] ACPI: Battery Slot [BAT0] (battery present)
[    2.980885] Serial: 8250/16550 driver, 32 ports, IRQ sharing enabled
[    3.046073] 00:02: ttyS0 at I/O 0x3f8 (irq = 4, base_baud = 115200) is a 16550A
[    3.107127] Linux agpgart interface v0.103
[    3.150413] loop: module loaded
[    3.161620] scsi host0: ata_piix
[    3.179098] scsi host1: ata_piix
[    3.182979] ata1: PATA max UDMA/33 cmd 0x1f0 ctl 0x3f6 bmdma 0xd000 irq 14
[    3.182979] ata2: PATA max UDMA/33 cmd 0x170 ctl 0x376 bmdma 0xd008 irq 15
[    3.238317] tun: Universal TUN/TAP device driver, 1.6
[    3.251885] PPP generic driver version 2.4.2
[    3.277403] ehci_hcd: USB 2.0 'Enhanced' Host Controller (EHCI) Driver
[    3.303425] ehci-pci: EHCI PCI platform driver
[    3.326629] ehci-platform: EHCI generic platform driver
[    3.347860] ohci_hcd: USB 1.1 'Open' Host Controller (OHCI) Driver
[    3.372867] ohci-pci: OHCI PCI platform driver
[    3.389103] ohci-platform: OHCI generic platform driver
[    3.412572] uhci_hcd: USB Universal Host Controller Interface driver
[    3.432825] i8042: PNP: PS/2 Controller [PNP0303:PS2K,PNP0f03:PS2M] at 0x60,0x64 irq 1,12
[    3.457375] serio: i8042 KBD port at 0x60,0x64 irq 1
[    3.516709] serio: i8042 AUX port at 0x60,0x64 irq 12
[    3.525759] mousedev: PS/2 mouse device common for all mice
[    3.539491] rtc_cmos rtc_cmos: rtc core: registered rtc_cmos as rtc0
[    3.556052] rtc_cmos rtc_cmos: alarms up to one day, 114 bytes nvram
[    3.575846] i2c /dev entries driver
[    3.589806] input: AT Translated Set 2 keyboard as /devices/platform/i8042/serio0/input/input2
[    3.623817] device-mapper: uevent: version 1.0.3
[    3.644344] device-mapper: ioctl: 4.37.0-ioctl (2017-09-20) initialised: dm-devel@redhat.com
[    3.671705] ledtrig-cpu: registered to indicate activity on CPUs
[    3.705858] NET: Registered protocol family 10
[    3.751722] Segment Routing with IPv6
[    3.765578] NET: Registered protocol family 17
[    3.778927] Key type dns_resolver registered
[    3.793429] mce: Using 0 MCE banks
[    3.804042] RAS: Correctable Errors collector initialized.
[    3.824597] sched_clock: Marking stable (3824279408, 0)->(6095805414, -2271526006)
[    3.851769] registered taskstats version 1
[    3.865576] Loading compiled-in X.509 certificates
[    3.890835] Loaded X.509 cert 'Build time autogenerated kernel key: b5b26778eaa3ab3a4a6cee031137706e947d12ad'
[    3.919373] Loaded X.509 cert 'Canonical Ltd. Live Patch Signing: 14df34d1a87cf37625abec039ef2bf521249b969'
[    3.954153] Loaded X.509 cert 'Canonical Ltd. Kernel Module Signing: 88f752e560a1e0737e31163a466ad7b70a850c19'
[    3.975985] blacklist: Loading compiled-in revocation X.509 certificates
[    3.992266] Loaded X.509 cert 'Canonical Ltd. Secure Boot Signing: 61482aa2830d0ab2ad5af10b7250da9033ddcef0'
[    4.018855] Loaded X.509 cert 'Canonical Ltd. Secure Boot Signing (2017): 242ade75ac4a15e50d50c84b0d45ff3eae707a03'
[    4.044415] Loaded X.509 cert 'Canonical Ltd. Secure Boot Signing (ESM 2018): 365188c1d374d6b07c3c8f240f8ef722433d6a8b'
[    4.074071] Loaded X.509 cert 'Canonical Ltd. Secure Boot Signing (2019): c0746fd6c5da3ae827864651ad66ae47fe24b3e8'
[    4.108323] Loaded X.509 cert 'Canonical Ltd. Secure Boot Signing (2021 v1): a8d54bbb3825cfb94fa13c9f8a594a195c107b8d'
[    4.135152] Loaded X.509 cert 'Canonical Ltd. Secure Boot Signing (2021 v2): 4cf046892d6fd3c9a5b03f98d845f90851dc6a8c'
[    4.160072] Loaded X.509 cert 'Canonical Ltd. Secure Boot Signing (2021 v3): 100437bb6de6e469b581e61cd66bce3ef4ed53af'
[    4.189770] Loaded X.509 cert 'Canonical Ltd. Secure Boot Signing (Ubuntu Core 2019): c1d57b8f6b743f23ee41f4f7ee292f06eecadfb9'
[    4.223694] zswap: loaded using pool lzo/zbud
[    4.281535] Key type big_key registered
[    4.295845] Key type trusted registered
[    4.318384] Key type encrypted registered
[    4.325946] AppArmor: AppArmor sha1 policy hashing enabled
[    4.345030] ima: No TPM chip found, activating TPM-bypass! (rc=-19)
[    4.370226] ima: Allocated hash algorithm: sha1
[    4.386376] evm: HMAC attrs: 0x1
[    4.397361]   Magic number: 12:717:895
[    4.410174] rtc_cmos rtc_cmos: setting system clock to 2024-02-08 17:51:30 UTC (1707414690)
[    4.432365] BIOS EDD facility v0.16 2004-Jun-25, 0 devices found
[    4.456649] EDD information not available.
[    4.472528] Freeing unused kernel image memory: 2480K
[    4.503155] Write protecting the kernel read-only data: 20480k
[    4.518863] Freeing unused kernel image memory: 2008K
[    4.527360] Freeing unused kernel image memory: 1820K
[    4.546412] x86/mm: Checked W+X mappings: passed, no W+X pages found.
Loading, please wait...
starting version 237
[    4.723588] e1000: Intel(R) PRO/1000 Network Driver - version 7.3.21-k8-NAPI
[    4.738890] e1000: Copyright (c) 1999-2006 Intel Corporation.
[    4.802708] Fusion MPT base driver 3.04.20
[    4.812945] Copyright (c) 1999-2008 LSI Corporation
[    4.858519] SSE version of gcm_enc/dec engaged.
[    4.898778] Fusion MPT SPI Host driver 3.04.20
[    5.024500] input: ImExPS/2 Generic Explorer Mouse as /devices/platform/i8042/serio1/input/input4
[    5.924398] e1000 0000:00:03.0 eth0: (PCI:33MHz:32-bit) 02:3b:7b:b7:3b:2d
[    5.939552] e1000 0000:00:03.0 eth0: Intel(R) PRO/1000 Network Connection
[    5.960353] mptbase: ioc0: Initiating bringup
[    6.093122] ioc0: LSI53C1030 A0: Capabilities={Initiator}
[    6.404375] scsi host2: ioc0: LSI53C1030 A0, FwRev=00000000h, Ports=1, MaxQ=256, IRQ=20
[    6.599484] scsi 2:0:0:0: Direct-Access     VBOX     HARDDISK         1.0  PQ: 0 ANSI: 5
[    7.138502] scsi target2:0:0: Beginning Domain Validation
[    7.281478] scsi target2:0:0: Domain Validation skipping write tests
[    7.302505] scsi target2:0:0: Ending Domain Validation
[    7.317687] scsi target2:0:0: asynchronous
[    7.348074] scsi 2:0:1:0: Direct-Access     VBOX     HARDDISK         1.0  PQ: 0 ANSI: 5
[    7.724426] scsi target2:0:1: Beginning Domain Validation
[    7.754471] scsi target2:0:1: Domain Validation skipping write tests
[    7.772187] scsi target2:0:1: Ending Domain Validation
[    7.786617] scsi target2:0:1: asynchronous
[    7.853271] sd 2:0:0:0: Attached scsi generic sg0 type 0
[    7.865747] sd 2:0:1:0: Attached scsi generic sg1 type 0
[    7.887064] sd 2:0:0:0: [sda] 83886080 512-byte logical blocks: (42.9 GB/40.0 GiB)
[    7.903767] sd 2:0:1:0: [sdb] 20480 512-byte logical blocks: (10.5 MB/10.0 MiB)
[    7.921486] sd 2:0:0:0: [sda] Write Protect is off
[    7.931183] sd 2:0:1:0: [sdb] Write Protect is off
[    7.942284] sd 2:0:0:0: [sda] Incomplete mode parameter data
[    7.952117] sd 2:0:0:0: [sda] Assuming drive cache: write through
[    7.962432] sd 2:0:1:0: [sdb] Incomplete mode parameter data
[    7.981135] sd 2:0:1:0: [sdb] Assuming drive cache: write through
[    8.045152]  sda: sda1
[    8.055537] sd 2:0:0:0: [sda] Attached SCSI disk
[    8.070440] sd 2:0:1:0: [sdb] Attached SCSI disk
[    8.362519] e1000 0000:00:08.0 eth1: (PCI:33MHz:32-bit) 08:00:27:49:80:6d
[    8.388504] e1000 0000:00:08.0 eth1: Intel(R) PRO/1000 Network Connection
[    8.427862] e1000 0000:00:08.0 enp0s8: renamed from eth1
[    8.466551] e1000 0000:00:03.0 enp0s3: renamed from eth0
Begin: Loading essential drivers ... [   13.005799] raid6: sse2x1   gen() 147181 MB/s
[   14.998005] raid6: sse2x1   xor() 87048 MB/s
[   16.997041] raid6: sse2x2   gen() 167497 MB/s
[   17.070061] raid6: sse2x2   xor()  4765 MB/s
[   17.146416] raid6: sse2x4   gen()  7184 MB/s
[   17.216732] raid6: sse2x4   xor()  5458 MB/s
[   17.227351] raid6: using algorithm sse2x2 gen() 167497 MB/s
[   17.238002] raid6: .... xor() 4765 MB/s, rmw enabled
[   17.248726] raid6: using ssse3x2 recovery algorithm
[   17.265398] xor: measuring software checksum speed
[   17.363635]    prefetch64-sse: 27019.000 MB/sec
[   17.479088]    generic_sse: 23017.000 MB/sec
[   17.490465] xor: using function: prefetch64-sse (27019.000 MB/sec)
[   17.510811] async_tx: api initialized (async)
done.
Begin: Running /scripts/init-premount ... done.
Begin: Mounting root file system ... Begin: Running /scripts/local-top ... done.
Begin: Running /scripts/local-premount ... [   17.659081] Btrfs loaded, crc32c=crc32c-intel
Scanning for Btrfs filesystems
done.
Warning: fsck not present, so skipping root file system
[   17.815258] EXT4-fs (sda1): mounted filesystem with ordered data mode. Opts: (null)
done.
Begin: Running /scripts/local-bottom ... done.
Begin: Running /scripts/init-bottom ... done.
[   18.301125] ip_tables: (C) 2000-2006 Netfilter Core Team
[   18.342491] systemd[1]: systemd 237 running in system mode. (+PAM +AUDIT +SELINUX +IMA +APPARMOR +SMACK +SYSVINIT +UTMP +LIBCRYPTSETUP +GCRYPT +GNUTLS +ACL +XZ +LZ4 +SECCOMP +BLKID +ELFUTILS +KMOD -IDN2 +IDN -PCRE2 default-hierarchy=hybrid)
[   18.379161] systemd[1]: Detected virtualization oracle.
[   18.388167] systemd[1]: Detected architecture x86-64.

Welcome to [1mUbuntu 18.04.6 LTS[0m!

[   18.458642] systemd[1]: Set hostname to <ubuntu>.
[   18.485109] systemd[1]: Initializing machine ID from random generator.
[   18.497790] systemd[1]: Installed transient /etc/machine-id file.
[   19.477794] systemd[1]: Started Forward Password Requests to Wall Directory Watch.
[[0;32m  OK  [0m] Started Forward Password Requests to Wall Directory Watch.
[   19.518484] systemd[1]: Set up automount Arbitrary Executable File Formats File System Automount Point.
[[0;32m  OK  [0m] Set up automount Arbitrary Executabâ€¦rmats File System Automount Point.
[   19.560974] systemd[1]: Reached target Swap.
[[0;32m  OK  [0m] Reached target Swap.
[   19.621566] systemd[1]: Created slice User and Session Slice.
[[0;32m  OK  [0m] Created slice User and Session Slice.
[[0;32m  OK  [0m] Reached target System Time Synchronized.
[[0;32m  OK  [0m] Reached target User and Group Name Lookups.
[[0;32m  OK  [0m] Reached target Mounting snaps.
[[0;32m  OK  [0m] Reached target Mounted snaps.
[[0;32m  OK  [0m] Created slice System Slice.
[[0;32m  OK  [0m] Reached target Slices.
[[0;32m  OK  [0m] Listening on Journal Socket.
         Starting Set the console keyboard layout...
         Mounting Kernel Debug File System...
         Mounting POSIX Message Queue File System...
         Starting Uncomplicated firewall...
[[0;32m  OK  [0m] Listening on Network Service Netlink Socket.
[[0;32m  OK  [0m] Created slice system-serial\x2dgetty.slice.
         Mounting Huge Pages File System...
[[0;32m  OK  [0m] Listening on LVM2 metadata daemon socket.
[[0;32m  OK  [0m] Listening on udev Kernel Socket.
[[0;32m  OK  [0m] Listening on Syslog Socket.
[[0;32m  OK  [0m] Listening on LVM2 poll daemon socket.
[[0;32m  OK  [0m] Listening on /dev/initctl Compatibility Named Pipe.
[[0;32m  OK  [0m] Listening on fsck to fsckd communication Socket.
[[0;32m  OK  [0m] Listening on Device-mapper event daemon FIFOs.
         Starting Monitoring of LVM2 mirrorsâ€¦ng dmeventd or progress polling...
         Starting File System Check on Root Device...
[[0;32m  OK  [0m] Listening on udev Control Socket.
         Starting udev Coldplug all Devices...
         Starting Create list of required stâ€¦ce nodes for the current kernel...
         Starting Load Kernel Modules...
[[0;32m  OK  [0m] Listening on Journal Audit Socket.
[[0;32m  OK  [0m] Listening on Journal Socket (/dev/log).
         Starting Journal Service...
[[0;32m  OK  [0m] Mounted Kernel Debug File System.
[[0;32m  OK  [0m] Mounted POSIX Message Queue File System.
[[   20.109951] Loading iSCSI transport class v2.0-870.
[0;32m  OK  [0m] Started Uncomplicated firewall.
[[0;32m  OK  [0m] Mounted Huge Pages File System.
[[0;32m  OK  [0m] Started Create list of required staâ€¦vice nodes for the current kernel.
[[0;32m  OK  [0m] Started File System Check Daemon to report status.
         Starting Create Static Device Nodes in /dev...
[[0;32m  OK  [0m] Started LVM2 metadata daemon.
[[0;32m  OK  [0m] Started Create Static Device Nodes in /dev.
[[0;32m  OK  [0m] Started udev Coldplug all Devices.
[[0;32m  OK  [0m] Started File System Check on Root Device.
         Starting Remount Root and Kernel File Systems...
[[0;32m  OK  [0m] Started Monitoring of LVM2 mirrors,â€¦sing dmeventd or progress polling.
[   20.389908] iscsi: registered transport (tcp)
[[0;32m  OK  [0m] Started Journal Service.
[   20.413053] EXT4-fs (sda1): re-mounted. Opts: (null)
[[0;32m  OK  [0m] Started Remount Root and Kernel File Systems.
         Starting Load/Save Random Seed...
         Starting Flush Journal to Persistent Storage...
         Starting udev Kernel Device Manager...
[[0;32m  OK  [0m] Started Load/Save Random Seed.
[   20.551080] systemd-journald[425]: Received request to flush runtime journal from PID 1
[[0;32m  OK  [0m] Started udev Kernel Device Manager.
[   20.834172] iscsi: registered transport (iser)
[[0;32m  OK  [0m] Started Flush Journal to Persistent Storage.
[[0;32m  OK  [0m] Started Load Kernel Modules.
         Starting Apply Kernel Variables...
         Mounting FUSE Control File System...
         Mounting Kernel Configuration File System...
[[0;32m  OK  [0m] Mounted Kernel Configuration File System.
[[0;32m  OK  [0m] Mounted FUSE Control File System.
[[0;32m  OK  [0m] Started Apply Kernel Variables.
[[0;32m  OK  [0m] Found device /dev/ttyS0.
[[0;32m  OK  [0m] Started Set the console keyboard layout.
[[0;32m  OK  [0m] Reached target Local File Systems (Pre).
[[0;32m  OK  [0m] Reached target Local File Systems.
         Starting Set console font and keymap...
         Starting AppArmor initialization...
         Starting Tell Plymouth To Write Out Runtime Data...
         Starting Create Volatile Files and Directories...
         Starting Commit a transient machine-id on disk...
         Starting ebtables ruleset management...
[[0;32m  OK  [0m] Started Dispatch Password Requests to Console Directory Watch.
[[0;32m  OK  [0m] Reached target Local Encrypted Volumes.
[[0;32m  OK  [0m] Started Tell Plymouth To Write Out Runtime Data.
[[0;32m  OK  [0m] Started Create Volatile Files and Directories.
         Starting Update UTMP about System Boot/Shutdown...
[[0;32m  OK  [0m] Started Update UTMP about System Boot/Shutdown.
[[0;32m  OK  [0m] Started Commit a transient machine-id on disk.
[[0;32m  OK  [0m] Started ebtables ruleset management.
[[0;32m  OK  [0m] Listening on Load/Save RF Kill Switch Status /dev/rfkill Watch.
         Mounting Arbitrary Executable File Formats File System...
[[0;32m  OK  [0m] Started AppArmor initialization.
[[0;32m  OK  [0m] Mounted Arbitrary Executable File Formats File System.
         Starting Load AppArmor profiles managed internally by snapd...
         Starting Initial cloud-init job (pre-networking)...
[[0;32m  OK  [0m] Started Load AppArmor profiles managed internally by snapd.
[[0;32m  OK  [0m] Started Set console font and keymap.
[   28.395806] cloud-init[722]: Cloud-init v. 23.1.2-0ubuntu0~18.04.1 running 'init-local' at Thu, 08 Feb 2024 17:51:53 +0000. Up 27.58 seconds.
[[0;32m  OK  [0m] Started Initial cloud-init job (pre-networking).
[[0;32m  OK  [0m] Reached target Network (Pre).
         Starting Network Service...
[[0;32m  OK  [0m] Started Network Service.
         Starting Network Name Resolution...
         Starting Wait for Network to be Configured...
[[0;32m  OK  [0m] Started Network Name Resolution.
[[0;32m  OK  [0m] Reached target Network.
[[0;32m  OK  [0m] Reached target Host and Network Name Lookups.
[[0;32m  OK  [0m] Started Wait for Network to be Configured.
         Starting Initial cloud-init job (metadata service crawler)...
[   32.048548] cloud-init[870]: Cloud-init v. 23.1.2-0ubuntu0~18.04.1 running 'init' at Thu, 08 Feb 2024 17:51:57 +0000. Up 31.71 seconds.
[   32.059514] cloud-init[870]: ci-info: ++++++++++++++++++++++++++++++++++++++Net device info+++++++++++++++++++++++++++++++++++++++
[   32.068011] cloud-init[870]: ci-info: +--------+-------+----------------------------+---------------+--------+-------------------+
[   32.074687] cloud-init[870]: ci-info: | Device |   Up  |          Address           |      Mask     | Scope  |     Hw-Address    |
[   32.085349] cloud-init[870]: ci-info: +--------+-------+----------------------------+---------------+--------+-------------------+
[   32.097091] cloud-init[870]: ci-info: | enp0s3 |  True |         10.0.2.15          | 255.255.255.0 | global | 02:3b:7b:b7:3b:2d |
[   32.104885] cloud-init[870]: ci-info: | enp0s3 |  True | fe80::3b:7bff:feb7:3b2d/64 |       .       |  link  | 02:3b:7b:b7:3b:2d |
[   32.111284] cloud-init[870]: ci-info: | enp0s8 | False |             .              |       .       |   .    | 08:00:27:49:80:6d |
[   32.123786] cloud-init[870]: ci-info: |   lo   |  True |         127.0.0.1          |   255.0.0.0   |  host  |         .         |
[   32.134944] cloud-init[870]: ci-info: |   lo   |  True |          ::1/128           |       .       |  host  |         .         |
[   32.146355] cloud-init[870]: ci-info: +--------+-------+----------------------------+---------------+--------+-------------------+
[   32.154374] cloud-init[870]: ci-info: ++++++++++++++++++++++++++++Route IPv4 info+++++++++++++++++++++++++++++
[   32.160630] cloud-init[870]: ci-info: +-------+-------------+----------+-----------------+-----------+-------+
[   32.166756] cloud-init[870]: ci-info: | Route | Destination | Gateway  |     Genmask     | Interface | Flags |
[   32.173738] cloud-init[870]: ci-info: +-------+-------------+----------+-----------------+-----------+-------+
[   32.181798] cloud-init[870]: ci-info: |   0   |   0.0.0.0   | 10.0.2.2 |     0.0.0.0     |   enp0s3  |   UG  |
[   32.190552] cloud-init[870]: ci-info: |   1   |   10.0.2.0  | 0.0.0.0  |  255.255.255.0  |   enp0s3  |   U   |
[   32.197697] cloud-init[870]: ci-info: |   2   |   10.0.2.2  | 0.0.0.0  | 255.255.255.255 |   enp0s3  |   UH  |
[   32.203951] cloud-init[870]: ci-info: +-------+-------------+----------+-----------------+-----------+-------+
[   32.210143] cloud-init[870]: ci-info: +++++++++++++++++++Route IPv6 info+++++++++++++++++++
[   32.217105] cloud-init[870]: ci-info: +-------+-------------+---------+-----------+-------+
[   32.222289] cloud-init[870]: ci-info: | Route | Destination | Gateway | Interface | Flags |
[   32.226538] cloud-init[870]: ci-info: +-------+-------------+---------+-----------+-------+
[   32.231596] cloud-init[870]: ci-info: |   1   |  fe80::/64  |    ::   |   enp0s3  |   U   |
[   32.237684] cloud-init[870]: ci-info: |   3   |    local    |    ::   |   enp0s3  |   U   |
[   32.245518] cloud-init[870]: ci-info: |   4   |   ff00::/8  |    ::   |   enp0s3  |   U   |
[   32.265848] cloud-init[870]: ci-info: +-------+-------------+---------+-----------+-------+
[   34.795743] cloud-init[870]: Generating public/private rsa key pair.
[   34.812876] cloud-init[870]: Your identification has been saved in /etc/ssh/ssh_host_rsa_key.
[   34.827865] cloud-init[870]: Your public key has been saved in /etc/ssh/ssh_host_rsa_key.pub.
[   34.849562] cloud-init[870]: The key fingerprint is:
[   34.864848] cloud-init[870]: SHA256:9M2C7XyLMXavrLik5rtsHgXsMm0iCP3xyrbb6fYexIw root@ubuntu-bionic
[   34.883422] cloud-init[870]: The key's randomart image is:
[   34.896235] cloud-init[870]: +---[RSA 2048]----+
[   34.906075] [[0;32m  OK  [0m] Started Initial cloud-init job (metadata service crawler).
[[0;32m  OK  [0m] Reached target System Initialization.
[[0;32m  OK  [0m] Listening on UUID daemon activation socket.
[[0;32m  OK  [0m] Started Ubuntu Advantage Timer for running repeated jobs.
[[0;32m  OK  [0m] Listening on D-Bus System Message Bus Socket.
         Starting Socket activation for snappy daemon.
[[0;32m  OK  [0m] Started Discard unused blocks once a week.
         Starting LXD - unix socket.
[[0;32m  OK  [0m] Started Daily apt download activities.
[[0;32m  OK  [0m] Started Daily apt upgrade and clean activities.
[[0;32m  OK  [0m] Listening on ACPID Listen Socket.
[[0;32m  OK  [0m] Started Daily Cleanup of Temporary Directories.
[[0;32m  OK  [0m] Started ACPI Events Check.
[[0;32m  OK  [0m] Reached target Paths.
[[0;32m  OK  [0m] Started Message of the Day.
[[0;32m  OK  [0m] Reached target Timers.
[[0;32m  OK  [0m] Listening on cloud-init hotplug hook socket.
[[0;32m  OK  [0m] Listening on Open-iSCSI iscsid Socket.
[[0;32m  OK  [0m] Reached target Network is Online.
         Starting Availability of block devices...
[[0;32m  OK  [0m] Reached target Remote File Systems (Pre).
[[0;32m  OK  [0m] Reached target Remote File Systems.
[[0;32m  OK  [0m] Reached target Cloud-config availability.
[[0;32m  OK  [0m] Listening on Socket activation for snappy daemon.
[[0;32m  OK  [0m] Listening on LXD - unix socket.
[[0;32m  OK  [0m] Reached target Sockets.
[[0;32m  OK  [0m] Reached target Basic System.
[[0;32m  OK  [0m] Started Regular background program processing daemon.
         Starting LSB: automatic crash report generation...
[[0;32m  OK  [0m] Reached target Login Prompts (Pre).
         Starting LXD - container startup/shutdown...
         Starting Login Service...
         Starting System Logging Service...
cloud-init[870]: |                 |
[   35.081966] cloud-init[870]: | .   .           |
[   35.114300] cloud-init[870]: |. . . o .        |
[   35.141328] cloud-init[870]: |.. . = * + o     |
[   35.154700] cloud-init         Starting Dispatcher daemon for systemd-networkd...
         Starting Virtualbox guest utils...
[[0;32m  OK  [0m] Started Deferred execution scheduler.
[[0;32m  OK  [0m] Started D-Bus System Message Bus.
[870]: |. . = E S + o    |
[   35.206181] cloud-init[870]: |   o * o o .     |
[   35.209624] cloud-init[870]: |    + . o * o    |
[   35.215945] cloud-init[870]: |   . ++= + B o   |
[   35.223313] cloud-init[870]: |    oO@==.o.+..  |
[   35.232120] cloud-init[870]: +----[SHA256]-----+
[   35.249198] cloud-init[870]: Generating public/private dsa key pair.
[   35.266237] cloud-init[870]: Your identification has been saved in /etc/ssh/ssh_host_dsa_key.
[   35.276882] cloud-init[870]: Your public key has been saved in /etc/ssh/ssh_host_dsa_key.pub.
[   35.287487] cloud-init[870]: The key fingerprint is:
[   35.314508] cloud-init[870]: SHA256:0RNLOobC5KPajBHFv/o4sAXx9pb52hGG6yYoFmOMquY root@ubuntu-bionic
[   35.346519] cloud-init[870]: The key's randomart image is:
[   35.356626] cloud-init[870]: +---[DSA 1024]----+
[   35.366665] cloud-init[870]: | .. .     o      |
[   35.379494] cloud-init[870]: |...+   . + o     |
[   35.397085] cloud-init[870]: |.o .= . = +      |
[   35.413963] cloud-init[870]: |..o..+ . o .     |
[   35.427577] cloud-init[870]: |+o...+o S        |
[   35.450849] cloud-init[870]: |o@. *o .         |
[   35.481186] cloud-init[870]: |===o...          |
[   35.511472] cloud-init[870]: |=o+o....         |
[   35.536890] cloud-init[870]: |BE.=+..          |
[   35.551772] cloud-init[870]: +----[SHA256]-----+
[   35.565780] cloud-init[870]: Generating public/private ecdsa key pair.
[   35.579530] cloud-init[870]: Your identification has been saved in /etc/ssh/ssh_host_ecdsa_key.
[   35.596970] cloud-init[870]: Your public key has been saved in /etc/ssh/ssh_host_ecdsa_key.pub.
[   35.630711] cloud-init[870]: The key fingerprint is:
[   35.665121] cloud-init[870]: SHA256:lOqDia/0zaLW9Sgfoy53vNq7V/k9ViUZYvN0wXKAiGw root@ubuntu-bionic[[0;32m  OK  [0m] Started Login Service.
[[0;32m  OK  [0m] Started Unattended Upgrades Shutdown.
         Starting Permit User Sessions...
         Starting Accounts Service...
         Starting Pollinate to seed the pseudo random number generator...
         Starting LSB: Record successful boot for GRUB...

[[0;32m  OK  [0m] Started irqbalance daemon.
[[0;32m  OK  [0m] Started FUSE filesystem for LXC.
         Starting Snap Daemon...
[[0;32m  OK  [0m] Started System Logging Service.
[[0;32m  OK  [0m] Started Availability of block devices.
[   35.802233] cloud-init[870]: The key's randomart image is:
[[0;32m  OK  [0m] Started Permit User Sessions.
         Starting Hold until boot process finishes up...
         Starting Terminate Plymouth Boot Screen...
[[0;32m  OK  [0m] Started Hold until boot process finishes up.
[[0;32m  OK  [0m] Started Serial Getty on ttyS0.
         Starting Set console scheme...
[[0;32m  OK  [0m] Started Terminate Plymouth Boot Screen.
[   35.955148] cloud-init[870]: +---[ECDSA 256]---+
[   36.002131] cloud-init[870]: |      . . . ..o..|
[   36.047306] cloud-init[870]: |       E o .+.oo.|
[[0;32m  OK  [0m] Started Set console scheme.
[[0;32m  OK  [0m] Created slice system-getty.slice.
[   36.167990] [[0;32m  OK  [0m] Started Getty on tty1.
cloud-init[[0;32m  OK  [0m] Reached target Login Prompts.
[870]: |      . o  . =o+ |
[   36.219062] cloud-init[870]: |       o      + .|
[   36.257360] cloud-init[870]: |      . S  .   ..|
[   36.303506] cloud-init[870]: |   . +.   o     .|
[   36.414709] [[0;32m  OK  [0m] Started LSB: automatic crash report generation.
cloud-init[870]: |  o.oo=o . . . . |
[   36.459600] cloud-init[870]: | .oo==++o   . +  |
[   36.476458] cloud-init[[0;32m  OK  [0m] Started LSB: Record successful boot for GRUB.
[870]: | .o***O=     . . |
[   36.502465] cloud-init[870]: +----[SHA256]-----+
[   36.530333] cloud-init[870]: Generating public/private ed25519 key pair.
[   36.544722] cloud-init[870]: Your identification has been saved in /etc/ssh/ssh_host_ed25519_key.
[   36.550627] cloud-init[870]: Your public key has been saved in /etc/ssh/ssh_host_ed25519_key.pub.
[   36.559237] cloud-init[870]: The key fingerprint is:
[   36.564030] cloud-init[870]: SHA256:BCq1SZNQEVzNpT2gD+ePJ+P1ih72GB/x0O6s6jzg6nc root@ubuntu-bionic
[   36.570508] cloud-init[870]: The key's randomart image is:
[   36.574722] cloud-init[870]: +--[ED25519 256]--+
[   36.590086] cloud-init[870]: |  .+B=oo...      |
[   36.617442] cloud-init[870]: |   oo= oo+       |         Starting Authorization Manager...

[   36.679480] cloud-init[870]: |  . + o + o      |[[0;32m  OK  [0m] Started LXD - container startup/shutdown.

[   36.736625] cloud-init[870]: |   .   *   o     |
[   36.769959] cloud-init[870]: |        S o .    |
[   36.785032] cloud-init[870]: |      .  o =     |
[   36.799611] cloud-init[870]: |     . .B = o    |
[   36.814462] cloud-init[870]: |      o+E% =     |
[   36.832667] cloud-init[870]: |   .oo +Oo=o+    |
[   36.845937] cloud-init[870]: +----[SHA256]-----+
[[0;32m  OK  [0m] Started Authorization Manager.
[[0;32m  OK  [0m] Started Accounts Service.
[[0;32m  OK  [0m] Started Virtualbox guest utils.
[[0;32m  OK  [0m] Started Dispatcher daemon for systemd-networkd.
[[0;32m  OK  [0m] Started Pollinate to seed the pseudo random number generator.
         Starting OpenBSD Secure Shell server...
[[0;32m  OK  [0m] Started OpenBSD Secure Shell server.
[[0;32m  OK  [0m] Started Snap Daemon.
         Starting Wait until snapd is fully seeded...
[[0;32m  OK  [0m] Created slice User Slice of vagrant.
         Starting User Manager for UID 1000...
[[0;32m  OK  [0m] Started Session 1 of user vagrant.
[[0;32m  OK  [0m] Started User Manager for UID 1000.
         Starting Time & Date Service...
[[0;32m  OK  [0m] Started Time & Date Service.

Ubuntu 18.04.6 LTS ubuntu-bionic ttyS0

ubuntu-bionic login: [   47.170552] cloud-init[1395]: Cloud-init v. 23.1.2-0ubuntu0~18.04.1 running 'modules:config' at Thu, 08 Feb 2024 17:52:11 +0000. Up 45.84 seconds.
ci-info: no authorized SSH keys fingerprints found for user ubuntu.
<14>Feb  8 17:52:14 cloud-init: #############################################################
<14>Feb  8 17:52:14 cloud-init: -----BEGIN SSH HOST KEY FINGERPRINTS-----
<14>Feb  8 17:52:14 cloud-init: 1024 SHA256:0RNLOobC5KPajBHFv/o4sAXx9pb52hGG6yYoFmOMquY root@ubuntu-bionic (DSA)
<14>Feb  8 17:52:14 cloud-init: 256 SHA256:lOqDia/0zaLW9Sgfoy53vNq7V/k9ViUZYvN0wXKAiGw root@ubuntu-bionic (ECDSA)
<14>Feb  8 17:52:14 cloud-init: 256 SHA256:BCq1SZNQEVzNpT2gD+ePJ+P1ih72GB/x0O6s6jzg6nc root@ubuntu-bionic (ED25519)
<14>Feb  8 17:52:14 cloud-init: 2048 SHA256:9M2C7XyLMXavrLik5rtsHgXsMm0iCP3xyrbb6fYexIw root@ubuntu-bionic (RSA)
<14>Feb  8 17:52:14 cloud-init: -----END SSH HOST KEY FINGERPRINTS-----
<14>Feb  8 17:52:14 cloud-init: #############################################################
-----BEGIN SSH HOST KEY KEYS-----
ecdsa-sha2-nistp256 AAAAE2VjZHNhLXNoYTItbmlzdHAyNTYAAAAIbmlzdHAyNTYAAABBBKvW5ZdbeCQ9X07UMR/5gcK09rZhzPgBBRu4qaIXNw5ppLPu9TQ4P7R7ZZY67RVOVr6ugAV1kFEXa2yExG0lm8k= root@ubuntu-bionic
ssh-ed25519 AAAAC3NzaC1lZDI1NTE5AAAAIMMEhDmrLKu0KUgCWbYrC3ElAPPOrFCrcg8rIkROXyLp root@ubuntu-bionic
ssh-rsa AAAAB3NzaC1yc2EAAAADAQABAAABAQCzaGXtUnRiNtHS0zxWI8FzjtrSylb3ohHePAqNwGoPiNgoi4tnBBdjyE7tY7kkt8Trh+NF6Sn7Y7t64PJmgo6qfn2pc0YQeEJ8X+K36TPh8aoI950BlREftAvcyNv/g+KRXNib6smofYMrEFqbGb9Azq5Y+BzY0+PKYmIdz5QAH3eYtzgJH5mRUPjMcq89XlCjP8l26ui/Bjloll123M5kxZqF/AsYu2HLvOWiFuIKljNpaYvYvaRrRCGa/0HlDhvfpLFiAffsnOL9nBQ6qSVohh3FPo+1YzBk8ChAtbFusomjXzZ977on5FERIubmFlizFxYDclw67Da9WA9qn9Sp root@ubuntu-bionic
-----END SSH HOST KEY KEYS-----
[   49.039096] cloud-init[1543]: Cloud-init v. 23.1.2-0ubuntu0~18.04.1 running 'modules:final' at Thu, 08 Feb 2024 17:52:14 +0000. Up 48.43 seconds.
[   49.055284] cloud-init[1543]: Cloud-init v. 23.1.2-0ubuntu0~18.04.1 finished at Thu, 08 Feb 2024 17:52:15 +0000. Datasource DataSourceNoCloud [seed=/dev/sdb][dsmode=net].  Up 48.91 seconds
